// Jest Snapshot v1, https://goo.gl/fbAQLP

exports[`NotFoundPage should render the component 1`] = `
<div>
  <div
    class="MuiContainer-root MuiContainer-maxWidthLg css-1tyumyi-MuiContainer-root"
  >
    <div
      class="MuiBox-root css-0"
    >
      <h1
        class="MuiTypography-root MuiTypography-h3 MuiTypography-alignCenter css-47suzj-MuiTypography-root"
      >
        404 Not Found
      </h1>
      <h2
        class="MuiTypography-root MuiTypography-h4 MuiTypography-alignCenter MuiTypography-gutterBottom css-m2bl7s-MuiTypography-root"
      >
        The page you are looking for doesn't exist
      </h2>
    </div>
  </div>
</div>
`;
